ECHO: YESX BEFORE
ECHO: "x.mk says hello"
ECHO: y is enabled
ECHO: YESX AFTER
