ECHO: NOTX BEFORE
ECHO: "notx.mk says hello"
ECHO: NOTX AFTER
